###############################################################################
#
# IAR ELF Linker V9.32.1.338/W64 for ARM                  02/Feb/2023  21:19:07
# Copyright 2007-2022 IAR Systems AB.
#
#    Output file  =  C:\EK-TM4C1294_IAR8\Projects\TCC\Debug\Exe\TCC.out
#    Map file     =  C:\EK-TM4C1294_IAR8\Projects\TCC\Debug\List\TCC.map
#    Command line =
#        -f C:\EK-TM4C1294_IAR8\Projects\TCC\Debug\Exe\TCC.out.rsp
#        (C:\EK-TM4C1294_IAR8\Projects\TCC\Debug\Obj\cfaf128x128x16.o
#        C:\EK-TM4C1294_IAR8\TivaWare_C_Series-2.1.4.178\driverlib\ewarm\Exe\driverlib.a
#        C:\EK-TM4C1294_IAR8\TivaWare_C_Series-2.1.4.178\grlib\ewarm\Exe\grlib.a
#        C:\EK-TM4C1294_IAR8\Projects\TCC\Debug\Obj\startup_TM4C1294.o
#        C:\EK-TM4C1294_IAR8\Projects\TCC\Debug\Obj\system_TM4C1294_TW.o
#        C:\EK-TM4C1294_IAR8\Projects\TCC\Debug\Obj\TCC.o --no_out_extension -o
#        C:\EK-TM4C1294_IAR8\Projects\TCC\Debug\Exe\TCC.out --map
#        C:\EK-TM4C1294_IAR8\Projects\TCC\Debug\List\TCC.map --config
#        "C:\Program Files\IAR Systems\Embedded Workbench
#        9.1\arm/config/linker/TexasInstruments/TM4C1294NC.icf" --semihosting
#        --entry __iar_program_start --vfe --text_out locale --cpu=Cortex-M4
#        --fpu=VFPv4_sp)
#
###############################################################################

*******************************************************************************
*** MESSAGES
***

Error[Li005]: no definition for "UARTprintf" [referenced from
          C:\EK-TM4C1294_IAR8\Projects\TCC\Debug\Obj\TCC.o]
Error[Li005]: no definition for "UARTStdioConfig" [referenced from
          C:\EK-TM4C1294_IAR8\Projects\TCC\Debug\Obj\TCC.o]


*******************************************************************************
*** RUNTIME MODEL ATTRIBUTES
***

CppFlavor       = *
__CPP_Runtime   = 1
__SystemLibrary = DLib
__dlib_version  = 6


*******************************************************************************
*** HEAP SELECTION
***

The basic heap was selected because --advanced_heap
was not specified and the application did not appear to
be primarily optimized for speed.


*******************************************************************************
*** PLACEMENT SUMMARY
***

"A0":  place at address 0x0 { ro section .intvec };
"P1":  place in [from 0x0 to 0xf'ffff] { ro };
define block CSTACK with size = 32K, alignment = 8 { };
define block HEAP with size = 64K, alignment = 8 { };
"P2":  place in [from 0x2000'0000 to 0x2003'ffff] {
          rw, block CSTACK, block HEAP };

  Section   Kind         Address    Size  Object
  -------   ----         -------    ----  ------
"A0":                              0x3c0
  .intvec   ro code          0x0   0x3c0  startup_TM4C1294.o [1]
                         - 0x3c0   0x3c0

"P1":                              0xd08
  .text     ro code        0x3c0   0x4ac  sysctl.o [3]
  .rodata   const          0x86c   0x1b0  sysctl.o [3]
  .text     ro code        0xa1c   0x18c  gpio.o [3]
  .text     ro code        0xba8   0x174  adc.o [3]
  .text     ro code        0xd1c   0x130  TCC.o [1]
  .text     ro code        0xe4c     0x8  uart.o [3]
  .rodata   const          0xe54    0x90  gpio.o [3]
  .rodata   const          0xee4    0x6c  sysctl.o [3]
  .rodata   const          0xf50    0x30  sysctl.o [3]
  .rodata   const          0xf80    0x2c  TCC.o [1]
  .text     ro code        0xfac    0x2c  system_TM4C1294_TW.o [1]
  .rodata   const          0xfd8    0x28  TCC.o [1]
  .rodata   const         0x1000    0x20  TCC.o [1]
  .text     ro code       0x1020    0x1e  cmain.o [4]
  .text     ro code       0x103e     0x4  low_level_init.o [2]
  .text     ro code       0x1042     0x4  exit.o [2]
  .text     ro code       0x1046     0x2  startup_TM4C1294.o [1]
  .text     ro code       0x1048     0xa  cexit.o [4]
  .text     ro code       0x1054    0x14  exit.o [5]
  .text     ro code       0x1068    0x1c  cstartup_M.o [4]
  .text     ro code       0x1084    0x14  startup_TM4C1294.o [1]
  .rodata   const         0x1098    0x18  TCC.o [1]
  .rodata   const         0x10b0    0x10  TCC.o [1]
  .rodata   const         0x10c0     0x8  TCC.o [1]
                        - 0x10c8   0xd08

"P2":                             0x8008
  .noinit   uninit   0x2000'0000     0x4  system_TM4C1294_TW.o [1]
  CSTACK             0x2000'0008  0x8000  <Block>
    CSTACK  uninit   0x2000'0008  0x8000  <Block tail>
                   - 0x2000'8008  0x8008

Unused ranges:

         From           To      Size
         ----           --      ----
       0x10c8     0xf'ffff  0xf'ef38
  0x2000'8008  0x2003'ffff  0x3'7ff8



*******************************************************************************
*** MODULE SUMMARY
***

    Module                ro code  ro data  rw data
    ------                -------  -------  -------
command line/config:
    -----------------------------------------------
    Total:

C:\EK-TM4C1294_IAR8\Projects\TCC\Debug\Obj: [1]
    TCC.o                     304      164
    startup_TM4C1294.o        982
    system_TM4C1294_TW.o       44                 4
    -----------------------------------------------
    Total:                  1'330      164        4

dl7M_tln.a: [2]
    exit.o                      4
    low_level_init.o            4
    -----------------------------------------------
    Total:                      8

driverlib.a: [3]
    adc.o                     372
    gpio.o                    396      144
    sysctl.o                1'196      588
    uart.o                      8
    -----------------------------------------------
    Total:                  1'972      732

rt7M_tl.a: [4]
    cexit.o                    10
    cmain.o                    30
    cstartup_M.o               28
    -----------------------------------------------
    Total:                     68

shb_l.a: [5]
    exit.o                     20
    -----------------------------------------------
    Total:                     20

    Gaps                        2
    Linker created                           32'768
---------------------------------------------------
    Grand Total:            3'400      896   32'772


*******************************************************************************
*** ENTRY LIST
***

Entry                       Address   Size  Type      Object
-----                       -------   ----  ----      ------
?main                        0x1021         Code  Gb  cmain.o [4]
ADC0SS0_Handler              0x1047         Code  Wk  startup_TM4C1294.o [1]
ADC0SS1_Handler              0x1047         Code  Wk  startup_TM4C1294.o [1]
ADC0SS2_Handler              0x1047         Code  Wk  startup_TM4C1294.o [1]
ADC0SS3_Handler              0x1047         Code  Wk  startup_TM4C1294.o [1]
ADC1SS0_Handler              0x1047         Code  Wk  startup_TM4C1294.o [1]
ADC1SS1_Handler              0x1047         Code  Wk  startup_TM4C1294.o [1]
ADC1SS2_Handler              0x1047         Code  Wk  startup_TM4C1294.o [1]
ADC1SS3_Handler              0x1047         Code  Wk  startup_TM4C1294.o [1]
ADCIntClear                   0xbd5    0x8  Code  Gb  adc.o [3]
ADCIntStatus                  0xba9   0x2c  Code  Gb  adc.o [3]
ADCProcessorTrigger           0xcf1   0x1c  Code  Gb  adc.o [3]
ADCSequenceConfigure          0xbe3   0x58  Code  Gb  adc.o [3]
ADCSequenceDataGet            0xcc9   0x28  Code  Gb  adc.o [3]
ADCSequenceEnable             0xbdd    0x6  Code  Gb  adc.o [3]
ADCSequenceStepConfigure
                              0xc3b   0x76  Code  Gb  adc.o [3]
BusFault_Handler             0x1047         Code  Wk  startup_TM4C1294.o [1]
CAN0_Handler                 0x1047         Code  Wk  startup_TM4C1294.o [1]
CAN1_Handler                 0x1047         Code  Wk  startup_TM4C1294.o [1]
COMP0_Handler                0x1047         Code  Wk  startup_TM4C1294.o [1]
COMP1_Handler                0x1047         Code  Wk  startup_TM4C1294.o [1]
COMP2_Handler                0x1047         Code  Wk  startup_TM4C1294.o [1]
CSTACK$$Base            0x2000'0008          --   Gb  - Linker created -
CSTACK$$Limit           0x2000'8008          --   Gb  - Linker created -
DebugMon_Handler             0x1047         Code  Wk  startup_TM4C1294.o [1]
EBI0_Handler                 0x1047         Code  Wk  startup_TM4C1294.o [1]
ETH_Handler                  0x1047         Code  Wk  startup_TM4C1294.o [1]
FLASH_Handler                0x1047         Code  Wk  startup_TM4C1294.o [1]
FPU_Handler                  0x1047         Code  Wk  startup_TM4C1294.o [1]
GPIOA_Handler                0x1047         Code  Wk  startup_TM4C1294.o [1]
GPIOB_Handler                0x1047         Code  Wk  startup_TM4C1294.o [1]
GPIOC_Handler                0x1047         Code  Wk  startup_TM4C1294.o [1]
GPIOD_Handler                0x1047         Code  Wk  startup_TM4C1294.o [1]
GPIODirModeSet                0xa1d   0x28  Code  Gb  gpio.o [3]
GPIOE_Handler                0x1047         Code  Wk  startup_TM4C1294.o [1]
GPIOF_Handler                0x1047         Code  Wk  startup_TM4C1294.o [1]
GPIOG_Handler                0x1047         Code  Wk  startup_TM4C1294.o [1]
GPIOH_Handler                0x1047         Code  Wk  startup_TM4C1294.o [1]
GPIOJ_Handler                0x1047         Code  Wk  startup_TM4C1294.o [1]
GPIOK_Handler                0x1047         Code  Wk  startup_TM4C1294.o [1]
GPIOL_Handler                0x1047         Code  Wk  startup_TM4C1294.o [1]
GPIOM_Handler                0x1047         Code  Wk  startup_TM4C1294.o [1]
GPION_Handler                0x1047         Code  Wk  startup_TM4C1294.o [1]
GPIOP0_Handler               0x1047         Code  Wk  startup_TM4C1294.o [1]
GPIOP1_Handler               0x1047         Code  Wk  startup_TM4C1294.o [1]
GPIOP2_Handler               0x1047         Code  Wk  startup_TM4C1294.o [1]
GPIOP3_Handler               0x1047         Code  Wk  startup_TM4C1294.o [1]
GPIOP4_Handler               0x1047         Code  Wk  startup_TM4C1294.o [1]
GPIOP5_Handler               0x1047         Code  Wk  startup_TM4C1294.o [1]
GPIOP6_Handler               0x1047         Code  Wk  startup_TM4C1294.o [1]
GPIOP7_Handler               0x1047         Code  Wk  startup_TM4C1294.o [1]
GPIOPadConfigSet              0xa45  0x104  Code  Gb  gpio.o [3]
GPIOPinConfigure              0xb69   0x36  Code  Gb  gpio.o [3]
GPIOPinTypeUART               0xb55   0x14  Code  Gb  gpio.o [3]
GPIOQ0_Handler               0x1047         Code  Wk  startup_TM4C1294.o [1]
GPIOQ1_Handler               0x1047         Code  Wk  startup_TM4C1294.o [1]
GPIOQ2_Handler               0x1047         Code  Wk  startup_TM4C1294.o [1]
GPIOQ3_Handler               0x1047         Code  Wk  startup_TM4C1294.o [1]
GPIOQ4_Handler               0x1047         Code  Wk  startup_TM4C1294.o [1]
GPIOQ5_Handler               0x1047         Code  Wk  startup_TM4C1294.o [1]
GPIOQ6_Handler               0x1047         Code  Wk  startup_TM4C1294.o [1]
GPIOQ7_Handler               0x1047         Code  Wk  startup_TM4C1294.o [1]
HIB_Handler                  0x1047         Code  Wk  startup_TM4C1294.o [1]
HardFault_Handler            0x1047         Code  Wk  startup_TM4C1294.o [1]
I2C0_Handler                 0x1047         Code  Wk  startup_TM4C1294.o [1]
I2C1_Handler                 0x1047         Code  Wk  startup_TM4C1294.o [1]
I2C2_Handler                 0x1047         Code  Wk  startup_TM4C1294.o [1]
I2C3_Handler                 0x1047         Code  Wk  startup_TM4C1294.o [1]
I2C4_Handler                 0x1047         Code  Wk  startup_TM4C1294.o [1]
I2C5_Handler                 0x1047         Code  Wk  startup_TM4C1294.o [1]
I2C6_Handler                 0x1047         Code  Wk  startup_TM4C1294.o [1]
I2C7_Handler                 0x1047         Code  Wk  startup_TM4C1294.o [1]
I2C8_Handler                 0x1047         Code  Wk  startup_TM4C1294.o [1]
I2C9_Handler                 0x1047         Code  Wk  startup_TM4C1294.o [1]
InitConsole                   0xd1d   0x3c  Code  Gb  TCC.o [1]
MemManage_Handler            0x1047         Code  Wk  startup_TM4C1294.o [1]
NMI_Handler                  0x1047         Code  Wk  startup_TM4C1294.o [1]
PMW0_FAULT_Handler           0x1047         Code  Wk  startup_TM4C1294.o [1]
PWM0_0_Handler               0x1047         Code  Wk  startup_TM4C1294.o [1]
PWM0_1_Handler               0x1047         Code  Wk  startup_TM4C1294.o [1]
PWM0_2_Handler               0x1047         Code  Wk  startup_TM4C1294.o [1]
PWM0_3_Handler               0x1047         Code  Wk  startup_TM4C1294.o [1]
PendSV_Handler               0x1047         Code  Wk  startup_TM4C1294.o [1]
QEI0_Handler                 0x1047         Code  Wk  startup_TM4C1294.o [1]
Region$$Table$$Base             0x0          --   Gb  - Linker created -
Region$$Table$$Limit            0x0          --   Gb  - Linker created -
Reset_Handler                0x1085         Code  Wk  startup_TM4C1294.o [1]
SSI0_Handler                 0x1047         Code  Wk  startup_TM4C1294.o [1]
SSI1_Handler                 0x1047         Code  Wk  startup_TM4C1294.o [1]
SSI2_Handler                 0x1047         Code  Wk  startup_TM4C1294.o [1]
SSI3_Handler                 0x1047         Code  Wk  startup_TM4C1294.o [1]
SVC_Handler                  0x1047         Code  Wk  startup_TM4C1294.o [1]
SYSCTL_Handler               0x1047         Code  Wk  startup_TM4C1294.o [1]
SysCtlClockFreqSet            0x409  0x206  Code  Gb  sysctl.o [3]
SysCtlClockGet                0x6f1  0x106  Code  Gb  sysctl.o [3]
SysCtlClockSet                0x60f   0xe2  Code  Gb  sysctl.o [3]
SysCtlDelay                   0x401    0x8  Code  Gb  sysctl.o [3]
SysCtlPeripheralEnable        0x3e3    0x8  Code  Gb  sysctl.o [3]
SysTick_Handler              0x1047         Code  Wk  startup_TM4C1294.o [1]
SystemCoreClock         0x2000'0000    0x4  Data  Gb  system_TM4C1294_TW.o [1]
SystemInit                    0xfad   0x1a  Code  Gb  system_TM4C1294_TW.o [1]
TAMPER_Handler               0x1047         Code  Wk  startup_TM4C1294.o [1]
TIMER0A_Handler              0x1047         Code  Wk  startup_TM4C1294.o [1]
TIMER0B_Handler              0x1047         Code  Wk  startup_TM4C1294.o [1]
TIMER1A_Handler              0x1047         Code  Wk  startup_TM4C1294.o [1]
TIMER1B_Handler              0x1047         Code  Wk  startup_TM4C1294.o [1]
TIMER2A_Handler              0x1047         Code  Wk  startup_TM4C1294.o [1]
TIMER2B_Handler              0x1047         Code  Wk  startup_TM4C1294.o [1]
TIMER3A_Handler              0x1047         Code  Wk  startup_TM4C1294.o [1]
TIMER3B_Handler              0x1047         Code  Wk  startup_TM4C1294.o [1]
TIMER4A_Handler              0x1047         Code  Wk  startup_TM4C1294.o [1]
TIMER4B_Handler              0x1047         Code  Wk  startup_TM4C1294.o [1]
TIMER5A_Handler              0x1047         Code  Wk  startup_TM4C1294.o [1]
TIMER5B_Handler              0x1047         Code  Wk  startup_TM4C1294.o [1]
TIMER6A_Handler              0x1047         Code  Wk  startup_TM4C1294.o [1]
TIMER6B_Handler              0x1047         Code  Wk  startup_TM4C1294.o [1]
TIMER7A_Handler              0x1047         Code  Wk  startup_TM4C1294.o [1]
TIMER7B_Handler              0x1047         Code  Wk  startup_TM4C1294.o [1]
UART0_Handler                0x1047         Code  Wk  startup_TM4C1294.o [1]
UART1_Handler                0x1047         Code  Wk  startup_TM4C1294.o [1]
UART2_Handler                0x1047         Code  Wk  startup_TM4C1294.o [1]
UART3_Handler                0x1047         Code  Wk  startup_TM4C1294.o [1]
UART4_Handler                0x1047         Code  Wk  startup_TM4C1294.o [1]
UART5_Handler                0x1047         Code  Wk  startup_TM4C1294.o [1]
UART6_Handler                0x1047         Code  Wk  startup_TM4C1294.o [1]
UART7_Handler                0x1047         Code  Wk  startup_TM4C1294.o [1]
UARTClockSourceSet            0xe4d    0x8  Code  Gb  uart.o [3]
UDMAERR_Handler              0x1047         Code  Wk  startup_TM4C1294.o [1]
UDMA_Handler                 0x1047         Code  Wk  startup_TM4C1294.o [1]
USB0_Handler                 0x1047         Code  Wk  startup_TM4C1294.o [1]
UsageFault_Handler           0x1047         Code  Wk  startup_TM4C1294.o [1]
WDT0_Handler                 0x1047         Code  Wk  startup_TM4C1294.o [1]
_SysCtlMemTimingGet           0x3c1   0x22  Code  Lc  sysctl.o [3]
__Vectors                       0x0          --   Gb  startup_TM4C1294.o [1]
__Vectors_End                 0x3c0         Data  Gb  startup_TM4C1294.o [1]
__Vectors_Size {Abs}          0x3c0          --   Gb  startup_TM4C1294.o [1]
__cmain                      0x1021         Code  Gb  cmain.o [4]
__exit                       0x1055   0x14  Code  Gb  exit.o [5]
__iar_init_vfp               0x108d         Code  Wk  startup_TM4C1294.o [1]
__iar_program_start          0x1069         Code  Gb  cstartup_M.o [4]
__low_level_init             0x103f    0x4  Code  Gb  low_level_init.o [2]
__vector_table                  0x0         Data  Gb  startup_TM4C1294.o [1]
__vector_table_0x1c            0x1c         Data  Gb  startup_TM4C1294.o [1]
_call_main                   0x102d         Code  Gb  cmain.o [4]
_exit                        0x1049         Code  Gb  cexit.o [4]
exit                         0x1043    0x4  Code  Gb  exit.o [2]
g_pppui32XTALtoVCO            0x86c  0x1b0  Data  Lc  sysctl.o [3]
g_pui32GPIOBaseAddrs          0xe54   0x90  Data  Lc  gpio.o [3]
g_pui32VCOFrequencies         0x864    0x8  Data  Lc  sysctl.o [3]
g_pui32Xtals                  0xee4   0x6c  Data  Lc  sysctl.o [3]
g_sXTALtoMEMTIM               0xf50   0x30  Data  Lc  sysctl.o [3]
main                          0xd59   0xba  Code  Gb  TCC.o [1]


[1] = C:\EK-TM4C1294_IAR8\Projects\TCC\Debug\Obj
[2] = dl7M_tln.a
[3] = driverlib.a
[4] = rt7M_tl.a
[5] = shb_l.a

   3'400 bytes of readonly  code memory
     896 bytes of readonly  data memory
  32'772 bytes of readwrite data memory

Errors: 2
Warnings: none
