###############################################################################
#
# IAR ELF Linker V9.32.1.338/W64 for ARM                  01/Feb/2023  22:20:18
# Copyright 2007-2022 IAR Systems AB.
#
#    Output file  =  C:\EK-TM4C1294_IAR8\Projects\TCC\Debug\Exe\TCC.out
#    Map file     =  C:\EK-TM4C1294_IAR8\Projects\TCC\Debug\List\TCC.map
#    Command line =
#        -f C:\EK-TM4C1294_IAR8\Projects\TCC\Debug\Exe\TCC.out.rsp
#        (C:\EK-TM4C1294_IAR8\Projects\TCC\Debug\Obj\cfaf128x128x16.o
#        C:\EK-TM4C1294_IAR8\TivaWare_C_Series-2.1.4.178\driverlib\ewarm\Exe\driverlib.a
#        C:\EK-TM4C1294_IAR8\TivaWare_C_Series-2.1.4.178\grlib\ewarm\Exe\grlib.a
#        C:\EK-TM4C1294_IAR8\Projects\TCC\Debug\Obj\startup_TM4C1294.o
#        C:\EK-TM4C1294_IAR8\Projects\TCC\Debug\Obj\system_TM4C1294_TW.o
#        C:\EK-TM4C1294_IAR8\Projects\TCC\Debug\Obj\TCC.o --no_out_extension -o
#        C:\EK-TM4C1294_IAR8\Projects\TCC\Debug\Exe\TCC.out --map
#        C:\EK-TM4C1294_IAR8\Projects\TCC\Debug\List\TCC.map --config
#        "C:\Program Files\IAR Systems\Embedded Workbench
#        9.1\arm/config/linker/TexasInstruments/TM4C1294NC.icf" --semihosting
#        --entry __iar_program_start --vfe --text_out locale --cpu=Cortex-M4
#        --fpu=VFPv4_sp)
#
###############################################################################

*******************************************************************************
*** RUNTIME MODEL ATTRIBUTES
***

CppFlavor       = *
__CPP_Runtime   = 1
__SystemLibrary = DLib
__dlib_version  = 6


*******************************************************************************
*** HEAP SELECTION
***

The basic heap was selected because --advanced_heap
was not specified and the application did not appear to
be primarily optimized for speed.


*******************************************************************************
*** PLACEMENT SUMMARY
***

"A0":  place at address 0x0 { ro section .intvec };
"P1":  place in [from 0x0 to 0xf'ffff] { ro };
define block CSTACK with size = 32K, alignment = 8 { };
define block HEAP with size = 64K, alignment = 8 { };
"P2":  place in [from 0x2000'0000 to 0x2003'ffff] {
          rw, block CSTACK, block HEAP };

  Section          Kind         Address    Size  Object
  -------          ----         -------    ----  ------
"A0":                                     0x3c0
  .intvec          ro code          0x0   0x3c0  startup_TM4C1294.o [1]
                                - 0x3c0   0x3c0

"P1":                                    0x1f3c
  .text            ro code        0x3c0   0x730  cfaf128x128x16.o [1]
  .text            ro code        0xaf0    0xac  ssi.o [3]
  .text            ro code        0xb9c   0x1d4  gpio.o [3]
  .text            ro code        0xd70   0x2b4  sysctl.o [3]
  .text            ro code       0x1024   0x444  string.o [4]
  .text            ro code       0x1468   0x384  TCC.o [1]
  .text            ro code       0x17ec    0x78  context.o [4]
  .text            ro code       0x1864    0x28  systick.o [3]
  .text            ro code       0x188c    0x40  sprintf.o [2]
  .text            ro code       0x18cc   0x13c  xprintftiny.o [2]
  .text            ro code       0x1a08    0x36  strlen.o [5]
  .text            ro code       0x1a3e     0xa  xsprout.o [2]
  .rodata          const         0x1a48   0x2f8  fontfixed6x8.o [4]
  .rodata          const         0x1d40   0x1b0  sysctl.o [3]
  .rodata          const         0x1ef0    0xc8  fontfixed6x8.o [4]
  .rodata          const         0x1fb8    0x90  gpio.o [3]
  .rodata          const         0x2048    0x6c  sysctl.o [3]
  .text            ro code       0x20b4    0x38  zero_init3.o [5]
  .rodata          const         0x20ec    0x30  sysctl.o [3]
  .text            ro code       0x211c    0x2c  system_TM4C1294_TW.o [1]
  .rodata          const         0x2148    0x28  cfaf128x128x16.o [1]
  .text            ro code       0x2170    0x28  data_init.o [5]
  .iar.init_table  const         0x2198    0x10  - Linker created -
  .text            ro code       0x21a8    0x1e  cmain.o [5]
  .text            ro code       0x21c6     0x4  low_level_init.o [2]
  .text            ro code       0x21ca     0x4  exit.o [2]
  .rodata          const         0x21ce     0x2  cfaf128x128x16.o [1]
  .text            ro code       0x21d0     0xa  cexit.o [5]
  .text            ro code       0x21da     0x2  startup_TM4C1294.o [1]
  .text            ro code       0x21dc    0x14  exit.o [6]
  .text            ro code       0x21f0    0x1c  cstartup_M.o [5]
  .text            ro code       0x220c    0x14  startup_TM4C1294.o [1]
  .rodata          const         0x2220    0x18  TCC.o [1]
  .rodata          const         0x2238    0x18  TCC.o [1]
  .rodata          const         0x2250    0x14  TCC.o [1]
  .rodata          const         0x2264    0x14  TCC.o [1]
  .rodata          const         0x2278    0x14  TCC.o [1]
  .rodata          const         0x228c    0x14  TCC.o [1]
  .rodata          const         0x22a0    0x10  TCC.o [1]
  .rodata          const         0x22b0    0x10  TCC.o [1]
  .rodata          const         0x22c0     0xc  TCC.o [1]
  .rodata          const         0x22cc     0x8  cfaf128x128x16.o [1]
  .rodata          const         0x22d4     0x8  TCC.o [1]
  .rodata          const         0x22dc     0x8  TCC.o [1]
  .rodata          const         0x22e4     0x8  TCC.o [1]
  .rodata          const         0x22ec     0x8  TCC.o [1]
  .text            ro code       0x22f4     0x8  charmap.o [4]
  .rodata          const         0x22fc     0x0  zero_init3.o [5]
                               - 0x22fc  0x1f3c

"P2", part 1 of 2:                         0x34
  .bss             zero     0x2000'0000    0x2c  TCC.o [1]
  .bss             zero     0x2000'002c     0x4  context.o [4]
  .bss             zero     0x2000'0030     0x1  cfaf128x128x16.o [1]
  .bss             zero     0x2000'0031     0x1  TCC.o [1]
                          - 0x2000'0032    0x32

"P2", part 2 of 2:                       0x8004
  .noinit          uninit   0x2000'0034     0x4  system_TM4C1294_TW.o [1]
  CSTACK                    0x2000'0038  0x8000  <Block>
    CSTACK         uninit   0x2000'0038  0x8000  <Block tail>
                          - 0x2000'8038  0x8004

Unused ranges:

         From           To      Size
         ----           --      ----
       0x22fc     0xf'ffff  0xf'dd04
  0x2000'8038  0x2003'ffff  0x3'7fc8


*******************************************************************************
*** INIT TABLE
***

          Address      Size
          -------      ----
Zero (__iar_zero_init3)
    1 destination range, total size 0x32:
          0x2000'0000  0x32



*******************************************************************************
*** MODULE SUMMARY
***

    Module                ro code  ro data  rw data
    ------                -------  -------  -------
command line/config:
    -----------------------------------------------
    Total:

C:\EK-TM4C1294_IAR8\Projects\TCC\Debug\Obj: [1]
    TCC.o                     900      204       45
    cfaf128x128x16.o        1'840       50        1
    startup_TM4C1294.o        982
    system_TM4C1294_TW.o       44                 4
    -----------------------------------------------
    Total:                  3'766      254       50

dl7M_tln.a: [2]
    exit.o                      4
    low_level_init.o            4
    sprintf.o                  64
    xprintftiny.o             316
    xsprout.o                  10
    -----------------------------------------------
    Total:                    398

driverlib.a: [3]
    gpio.o                    468      144
    ssi.o                     172
    sysctl.o                  692      588
    systick.o                  40
    -----------------------------------------------
    Total:                  1'372      732

grlib.a: [4]
    charmap.o                   8
    context.o                 120                 4
    fontfixed6x8.o                     960
    string.o                1'092
    -----------------------------------------------
    Total:                  1'220      960        4

rt7M_tl.a: [5]
    cexit.o                    10
    cmain.o                    30
    cstartup_M.o               28
    data_init.o                40
    strlen.o                   54
    zero_init3.o               56
    -----------------------------------------------
    Total:                    218

shb_l.a: [6]
    exit.o                     20
    -----------------------------------------------
    Total:                     20

    Linker created                      16   32'768
---------------------------------------------------
    Grand Total:            6'994    1'962   32'822


*******************************************************************************
*** ENTRY LIST
***

Entry                       Address   Size  Type      Object
-----                       -------   ----  ----      ------
.iar.init_table$$Base        0x2198          --   Gb  - Linker created -
.iar.init_table$$Limit       0x21a8          --   Gb  - Linker created -
?main                        0x21a9         Code  Gb  cmain.o [5]
ADC0SS0_Handler              0x21db         Code  Wk  startup_TM4C1294.o [1]
ADC0SS1_Handler              0x21db         Code  Wk  startup_TM4C1294.o [1]
ADC0SS2_Handler              0x21db         Code  Wk  startup_TM4C1294.o [1]
ADC0SS3_Handler              0x21db         Code  Wk  startup_TM4C1294.o [1]
ADC1SS0_Handler              0x21db         Code  Wk  startup_TM4C1294.o [1]
ADC1SS1_Handler              0x21db         Code  Wk  startup_TM4C1294.o [1]
ADC1SS2_Handler              0x21db         Code  Wk  startup_TM4C1294.o [1]
ADC1SS3_Handler              0x21db         Code  Wk  startup_TM4C1294.o [1]
BusFault_Handler             0x21db         Code  Wk  startup_TM4C1294.o [1]
CAN0_Handler                 0x21db         Code  Wk  startup_TM4C1294.o [1]
CAN1_Handler                 0x21db         Code  Wk  startup_TM4C1294.o [1]
COMP0_Handler                0x21db         Code  Wk  startup_TM4C1294.o [1]
COMP1_Handler                0x21db         Code  Wk  startup_TM4C1294.o [1]
COMP2_Handler                0x21db         Code  Wk  startup_TM4C1294.o [1]
CSTACK$$Base            0x2000'0038          --   Gb  - Linker created -
CSTACK$$Limit           0x2000'8038          --   Gb  - Linker created -
ContextInit                  0x14cf   0x38  Code  Gb  TCC.o [1]
DebugMon_Handler             0x21db         Code  Wk  startup_TM4C1294.o [1]
DisplayInit                  0x1481   0x4e  Code  Gb  TCC.o [1]
EBI0_Handler                 0x21db         Code  Wk  startup_TM4C1294.o [1]
ETH_Handler                  0x21db         Code  Wk  startup_TM4C1294.o [1]
FLASH_Handler                0x21db         Code  Wk  startup_TM4C1294.o [1]
FPU_Handler                  0x21db         Code  Wk  startup_TM4C1294.o [1]
GPIOA_Handler                0x21db         Code  Wk  startup_TM4C1294.o [1]
GPIOB_Handler                0x21db         Code  Wk  startup_TM4C1294.o [1]
GPIOC_Handler                0x21db         Code  Wk  startup_TM4C1294.o [1]
GPIOD_Handler                0x21db         Code  Wk  startup_TM4C1294.o [1]
GPIODirModeSet                0xb9d   0x28  Code  Gb  gpio.o [3]
GPIOE_Handler                0x21db         Code  Wk  startup_TM4C1294.o [1]
GPIOF_Handler                0x21db         Code  Wk  startup_TM4C1294.o [1]
GPIOG_Handler                0x21db         Code  Wk  startup_TM4C1294.o [1]
GPIOH_Handler                0x21db         Code  Wk  startup_TM4C1294.o [1]
GPIOJ_Handler                0x21db         Code  Wk  startup_TM4C1294.o [1]
GPIOK_Handler                0x21db         Code  Wk  startup_TM4C1294.o [1]
GPIOL_Handler                0x21db         Code  Wk  startup_TM4C1294.o [1]
GPIOM_Handler                0x21db         Code  Wk  startup_TM4C1294.o [1]
GPION_Handler                0x21db         Code  Wk  startup_TM4C1294.o [1]
GPIOP0_Handler               0x21db         Code  Wk  startup_TM4C1294.o [1]
GPIOP1_Handler               0x21db         Code  Wk  startup_TM4C1294.o [1]
GPIOP2_Handler               0x21db         Code  Wk  startup_TM4C1294.o [1]
GPIOP3_Handler               0x21db         Code  Wk  startup_TM4C1294.o [1]
GPIOP4_Handler               0x21db         Code  Wk  startup_TM4C1294.o [1]
GPIOP5_Handler               0x21db         Code  Wk  startup_TM4C1294.o [1]
GPIOP6_Handler               0x21db         Code  Wk  startup_TM4C1294.o [1]
GPIOP7_Handler               0x21db         Code  Wk  startup_TM4C1294.o [1]
GPIOPadConfigSet              0xbc5  0x104  Code  Gb  gpio.o [3]
GPIOPinConfigure              0xd31   0x36  Code  Gb  gpio.o [3]
GPIOPinRead                   0xcc9    0x8  Code  Gb  gpio.o [3]
GPIOPinTypeGPIOInput          0xcdd   0x14  Code  Gb  gpio.o [3]
GPIOPinTypeGPIOOutput         0xcf1    0xa  Code  Gb  gpio.o [3]
GPIOPinTypeSSI                0xd15   0x14  Code  Gb  gpio.o [3]
GPIOPinWrite                  0xcd1    0x8  Code  Gb  gpio.o [3]
GPIOQ0_Handler               0x21db         Code  Wk  startup_TM4C1294.o [1]
GPIOQ1_Handler               0x21db         Code  Wk  startup_TM4C1294.o [1]
GPIOQ2_Handler               0x21db         Code  Wk  startup_TM4C1294.o [1]
GPIOQ3_Handler               0x21db         Code  Wk  startup_TM4C1294.o [1]
GPIOQ4_Handler               0x21db         Code  Wk  startup_TM4C1294.o [1]
GPIOQ5_Handler               0x21db         Code  Wk  startup_TM4C1294.o [1]
GPIOQ6_Handler               0x21db         Code  Wk  startup_TM4C1294.o [1]
GPIOQ7_Handler               0x21db         Code  Wk  startup_TM4C1294.o [1]
GrContextFontSet             0x1465    0x4  Code  Gb  string.o [4]
GrContextInit                0x17ed   0x60  Code  Gb  context.o [4]
GrDefaultStringRenderer
                             0x103b   0xb4  Code  Gb  string.o [4]
GrFontCodepageGet            0x1405   0x1c  Code  Gb  string.o [4]
GrFontGlyphDataGet           0x1381   0x84  Code  Gb  string.o [4]
GrFontGlyphRender            0x1119  0x214  Code  Gb  string.o [4]
GrFontInfoGet                0x1359   0x28  Code  Gb  string.o [4]
GrMapISO8859_1_Unicode       0x22f5    0x8  Code  Gb  charmap.o [4]
GrStringDraw                 0x1025   0x16  Code  Gb  string.o [4]
GrStringNextCharGet          0x10ef   0x2a  Code  Gb  string.o [4]
HIB_Handler                  0x21db         Code  Wk  startup_TM4C1294.o [1]
HardFault_Handler            0x21db         Code  Wk  startup_TM4C1294.o [1]
I2C0_Handler                 0x21db         Code  Wk  startup_TM4C1294.o [1]
I2C1_Handler                 0x21db         Code  Wk  startup_TM4C1294.o [1]
I2C2_Handler                 0x21db         Code  Wk  startup_TM4C1294.o [1]
I2C3_Handler                 0x21db         Code  Wk  startup_TM4C1294.o [1]
I2C4_Handler                 0x21db         Code  Wk  startup_TM4C1294.o [1]
I2C5_Handler                 0x21db         Code  Wk  startup_TM4C1294.o [1]
I2C6_Handler                 0x21db         Code  Wk  startup_TM4C1294.o [1]
I2C7_Handler                 0x21db         Code  Wk  startup_TM4C1294.o [1]
I2C8_Handler                 0x21db         Code  Wk  startup_TM4C1294.o [1]
I2C9_Handler                 0x21db         Code  Wk  startup_TM4C1294.o [1]
InitSSICom                    0x92f   0x68  Code  Gb  cfaf128x128x16.o [1]
LED_D1                  0x2000'0031    0x1  Data  Gb  TCC.o [1]
MemManage_Handler            0x21db         Code  Wk  startup_TM4C1294.o [1]
NMI_Handler                  0x21db         Code  Wk  startup_TM4C1294.o [1]
PMW0_FAULT_Handler           0x21db         Code  Wk  startup_TM4C1294.o [1]
PWM0_0_Handler               0x21db         Code  Wk  startup_TM4C1294.o [1]
PWM0_1_Handler               0x21db         Code  Wk  startup_TM4C1294.o [1]
PWM0_2_Handler               0x21db         Code  Wk  startup_TM4C1294.o [1]
PWM0_3_Handler               0x21db         Code  Wk  startup_TM4C1294.o [1]
PendSV_Handler               0x21db         Code  Wk  startup_TM4C1294.o [1]
QEI0_Handler                 0x21db         Code  Wk  startup_TM4C1294.o [1]
Region$$Table$$Base          0x2198          --   Gb  - Linker created -
Region$$Table$$Limit         0x21a8          --   Gb  - Linker created -
Reset_Handler                0x220d         Code  Wk  startup_TM4C1294.o [1]
SSI0_Handler                 0x21db         Code  Wk  startup_TM4C1294.o [1]
SSI1_Handler                 0x21db         Code  Wk  startup_TM4C1294.o [1]
SSI2_Handler                 0x21db         Code  Wk  startup_TM4C1294.o [1]
SSI3_Handler                 0x21db         Code  Wk  startup_TM4C1294.o [1]
SSIBusy                       0xb77    0xc  Code  Gb  ssi.o [3]
SSIClockSourceSet             0xb83    0x8  Code  Gb  ssi.o [3]
SSIConfigSetExpClk            0xaf1   0x44  Code  Gb  ssi.o [3]
SSIDataGet                    0xb49   0x14  Code  Gb  ssi.o [3]
SSIDataGetNonBlocking         0xb5d   0x1a  Code  Gb  ssi.o [3]
SSIDataPut                    0xb41    0x8  Code  Gb  ssi.o [3]
SSIEnable                     0xb35    0xc  Code  Gb  ssi.o [3]
SVC_Handler                  0x21db         Code  Wk  startup_TM4C1294.o [1]
SYSCTL_Handler               0x21db         Code  Wk  startup_TM4C1294.o [1]
SysCtlClockFreqSet            0xddd  0x206  Code  Gb  sysctl.o [3]
SysCtlDelay                   0xdd5    0x8  Code  Gb  sysctl.o [3]
SysCtlPeripheralEnable        0xdb5    0x8  Code  Gb  sysctl.o [3]
SysCtlPeripheralReady         0xd93    0x8  Code  Gb  sysctl.o [3]
SysTickEnable                0x1865    0xc  Code  Gb  systick.o [3]
SysTickIntEnable             0x1871    0xc  Code  Gb  systick.o [3]
SysTickPeriodSet             0x187d    0x8  Code  Gb  systick.o [3]
SysTick_Handler              0x1507   0x1c  Code  Gb  TCC.o [1]
SystemCoreClock         0x2000'0034    0x4  Data  Gb  system_TM4C1294_TW.o [1]
SystemInit                   0x211d   0x1a  Code  Gb  system_TM4C1294_TW.o [1]
TAMPER_Handler               0x21db         Code  Wk  startup_TM4C1294.o [1]
TIMER0A_Handler              0x21db         Code  Wk  startup_TM4C1294.o [1]
TIMER0B_Handler              0x21db         Code  Wk  startup_TM4C1294.o [1]
TIMER1A_Handler              0x21db         Code  Wk  startup_TM4C1294.o [1]
TIMER1B_Handler              0x21db         Code  Wk  startup_TM4C1294.o [1]
TIMER2A_Handler              0x21db         Code  Wk  startup_TM4C1294.o [1]
TIMER2B_Handler              0x21db         Code  Wk  startup_TM4C1294.o [1]
TIMER3A_Handler              0x21db         Code  Wk  startup_TM4C1294.o [1]
TIMER3B_Handler              0x21db         Code  Wk  startup_TM4C1294.o [1]
TIMER4A_Handler              0x21db         Code  Wk  startup_TM4C1294.o [1]
TIMER4B_Handler              0x21db         Code  Wk  startup_TM4C1294.o [1]
TIMER5A_Handler              0x21db         Code  Wk  startup_TM4C1294.o [1]
TIMER5B_Handler              0x21db         Code  Wk  startup_TM4C1294.o [1]
TIMER6A_Handler              0x21db         Code  Wk  startup_TM4C1294.o [1]
TIMER6B_Handler              0x21db         Code  Wk  startup_TM4C1294.o [1]
TIMER7A_Handler              0x21db         Code  Wk  startup_TM4C1294.o [1]
TIMER7B_Handler              0x21db         Code  Wk  startup_TM4C1294.o [1]
UART0_Handler                0x21db         Code  Wk  startup_TM4C1294.o [1]
UART1_Handler                0x21db         Code  Wk  startup_TM4C1294.o [1]
UART2_Handler                0x21db         Code  Wk  startup_TM4C1294.o [1]
UART3_Handler                0x21db         Code  Wk  startup_TM4C1294.o [1]
UART4_Handler                0x21db         Code  Wk  startup_TM4C1294.o [1]
UART5_Handler                0x21db         Code  Wk  startup_TM4C1294.o [1]
UART6_Handler                0x21db         Code  Wk  startup_TM4C1294.o [1]
UART7_Handler                0x21db         Code  Wk  startup_TM4C1294.o [1]
UDMAERR_Handler              0x21db         Code  Wk  startup_TM4C1294.o [1]
UDMA_Handler                 0x21db         Code  Wk  startup_TM4C1294.o [1]
USB0_Handler                 0x21db         Code  Wk  startup_TM4C1294.o [1]
UpdateContextCharMapping
                             0x1421   0x44  Code  Lc  string.o [4]
UsageFault_Handler           0x21db         Code  Wk  startup_TM4C1294.o [1]
WDT0_Handler                 0x21db         Code  Wk  startup_TM4C1294.o [1]
WaterLevelSensor             0x1523    0x4  Code  Gb  TCC.o [1]
_PrintfTiny                  0x18e5  0x124  Code  Gb  xprintftiny.o [2]
_SProut                      0x1a3f    0xa  Code  Gb  xsprout.o [2]
_SysCtlMemTimingGet           0xd71   0x22  Code  Lc  sysctl.o [3]
__Vectors                       0x0          --   Gb  startup_TM4C1294.o [1]
__Vectors_End                 0x3c0         Data  Gb  startup_TM4C1294.o [1]
__Vectors_Size {Abs}          0x3c0          --   Gb  startup_TM4C1294.o [1]
__cmain                      0x21a9         Code  Gb  cmain.o [5]
__exit                       0x21dd   0x14  Code  Gb  exit.o [6]
__iar_data_init3             0x2171   0x28  Code  Gb  data_init.o [5]
__iar_init_vfp               0x2215         Code  Wk  startup_TM4C1294.o [1]
__iar_program_start          0x21f1         Code  Gb  cstartup_M.o [5]
__iar_zero_init3             0x20b5   0x38  Code  Gb  zero_init3.o [5]
__low_level_init             0x21c7    0x4  Code  Gb  low_level_init.o [2]
__vector_table                  0x0         Data  Gb  startup_TM4C1294.o [1]
__vector_table_0x1c            0x1c         Data  Gb  startup_TM4C1294.o [1]
_call_main                   0x21b5         Code  Gb  cmain.o [5]
_exit                        0x21d1         Code  Gb  cexit.o [5]
_orientation            0x2000'0030    0x1  Data  Lc  cfaf128x128x16.o [1]
blackColor                   0x21ce    0x2  Data  Gb  cfaf128x128x16.o [1]
cfaf128x128x16Clear           0x923    0xc  Code  Gb  cfaf128x128x16.o [1]
cfaf128x128x16ClearColor
                              0x8fb   0x28  Code  Gb  cfaf128x128x16.o [1]
cfaf128x128x16ColorTranslate
                              0x88d   0x1a  Code  Lc  cfaf128x128x16.o [1]
cfaf128x128x16Dot             0x5e1   0x1c  Code  Gb  cfaf128x128x16.o [1]
cfaf128x128x16Flush           0x8a7    0x2  Code  Lc  cfaf128x128x16.o [1]
cfaf128x128x16Init            0x997  0x108  Code  Gb  cfaf128x128x16.o [1]
cfaf128x128x16LineDrawH
                              0x7cd   0x30  Code  Lc  cfaf128x128x16.o [1]
cfaf128x128x16LineDrawV
                              0x7fd   0x30  Code  Lc  cfaf128x128x16.o [1]
cfaf128x128x16LineHor         0x5cb   0x16  Code  Gb  cfaf128x128x16.o [1]
cfaf128x128x16LineVer         0x5ad   0x1e  Code  Gb  cfaf128x128x16.o [1]
cfaf128x128x16PixelDraw
                              0x5fd   0x12  Code  Lc  cfaf128x128x16.o [1]
cfaf128x128x16PixelDrawMultiple
                              0x60f  0x1be  Code  Lc  cfaf128x128x16.o [1]
cfaf128x128x16Rect            0x539   0x74  Code  Gb  cfaf128x128x16.o [1]
cfaf128x128x16RectFill        0x82d   0x60  Code  Lc  cfaf128x128x16.o [1]
cfaf128x128x16SetOrientation
                              0x8a9   0x52  Code  Gb  cfaf128x128x16.o [1]
cfaf128x128x16SetWindow
                              0x47f   0xba  Code  Lc  cfaf128x128x16.o [1]
cfaf128x128x16SsiTransfer
                              0x3d5   0x28  Code  Lc  cfaf128x128x16.o [1]
cfaf128x128x16WriteCommand
                              0x3fd   0x32  Code  Lc  cfaf128x128x16.o [1]
cfaf128x128x16WriteData
                              0x42f   0x3e  Code  Lc  cfaf128x128x16.o [1]
cfaf128x128x16WriteRegister
                              0x46d   0x12  Code  Lc  cfaf128x128x16.o [1]
exit                         0x21cb    0x4  Code  Gb  exit.o [2]
g_pppui32XTALtoVCO           0x1d40  0x1b0  Data  Lc  sysctl.o [3]
g_psDefaultCodePointMapTable
                             0x1854   0x10  Data  Gb  context.o [4]
g_psGrLibDefaults       0x2000'002c    0x4  Data  Lc  context.o [4]
g_pui32GPIOBaseAddrs         0x1fb8   0x90  Data  Lc  gpio.o [3]
g_pui32VCOFrequencies        0x101c    0x8  Data  Lc  sysctl.o [3]
g_pui32Xtals                 0x2048   0x6c  Data  Lc  sysctl.o [3]
g_pui8FontFixed6x8Data       0x1a48  0x2f8  Data  Lc  fontfixed6x8.o [4]
g_sCfaf128x128x16            0x2148   0x28  Data  Gb  cfaf128x128x16.o [1]
g_sFontFixed6x8              0x1ef0   0xc8  Data  Gb  fontfixed6x8.o [4]
g_sXTALtoMEMTIM              0x20ec   0x30  Data  Lc  sysctl.o [3]
isSwitchButtonKit1Pressed
                             0x1469   0x18  Code  Gb  TCC.o [1]
main                         0x1527  0x258  Code  Gb  TCC.o [1]
out                          0x18cd   0x18  Code  Lc  xprintftiny.o [2]
sContext                0x2000'0000   0x2c  Data  Gb  TCC.o [1]
sprintf                      0x188d   0x40  Code  Gb  sprintf.o [2]
strlen                       0x1a09         Code  Gb  strlen.o [5]
swap_i32                      0x3cb    0xa  Code  Lc  cfaf128x128x16.o [1]
swap_ui16                     0x3c1    0xa  Code  Lc  cfaf128x128x16.o [1]


[1] = C:\EK-TM4C1294_IAR8\Projects\TCC\Debug\Obj
[2] = dl7M_tln.a
[3] = driverlib.a
[4] = grlib.a
[5] = rt7M_tl.a
[6] = shb_l.a

   6'994 bytes of readonly  code memory
   1'962 bytes of readonly  data memory
  32'822 bytes of readwrite data memory

Errors: none
Warnings: none
